// Jest Snapshot v1, https://goo.gl/fbAQLP

exports[`test getAvailLangs 1`] = `
Array [
  "ach",
  "af",
  "ak",
  "am",
  "an",
  "ar",
  "arn",
  "ast",
  "ay",
  "az",
  "be",
  "bg",
  "bn",
  "bo",
  "br",
  "brx",
  "bs",
  "ca",
  "cgg",
  "cs",
  "csb",
  "cy",
  "da",
  "de",
  "doi",
  "dz",
  "el",
  "en",
  "eo",
  "es",
  "et",
  "eu",
  "fa",
  "ff",
  "fi",
  "fil",
  "fo",
  "fr",
  "fur",
  "fy",
  "ga",
  "gd",
  "gl",
  "gu",
  "gun",
  "ha",
  "he",
  "hi",
  "hne",
  "hr",
  "hu",
  "hy",
  "id",
  "is",
  "it",
  "ja",
  "jbo",
  "jv",
  "ka",
  "kk",
  "km",
  "kn",
  "ko",
  "ku",
  "kw",
  "ky",
  "lb",
  "ln",
  "lo",
  "lt",
  "lv",
  "mai",
  "mfe",
  "mg",
  "mi",
  "mk",
  "ml",
  "mn",
  "mni",
  "mnk",
  "mr",
  "ms",
  "mt",
  "my",
  "nah",
  "nap",
  "nb",
  "ne",
  "nl",
  "nn",
  "no",
  "nso",
  "oc",
  "or",
  "pa",
  "pap",
  "pl",
  "pms",
  "ps",
  "pt",
  "rm",
  "ro",
  "ru",
  "rw",
  "sah",
  "sat",
  "sco",
  "sd",
  "se",
  "si",
  "sk",
  "sl",
  "so",
  "son",
  "sq",
  "sr",
  "su",
  "sv",
  "sw",
  "ta",
  "te",
  "tg",
  "th",
  "ti",
  "tk",
  "tr",
  "tt",
  "ug",
  "uk",
  "ur",
  "uz",
  "vi",
  "wa",
  "wo",
  "yo",
  "zh",
]
`;
